[dotenv@17.3.1] injecting env (27) from .env.local -- tip: ΓÜÖ∩╕Å  specify custom .env file path with { path: '/custom/path/.env' }
===================================
Testing Grounded Payload...
node.exe : [StructuralC
oncernService] 
Analysis failed: 
ZodError: [
At line:1 char:1
+ & "C:\Program 
Files\nodejs/node.exe" 
"C:\Users\mount\AppData
\Roaming\ ...
+ ~~~~~~~~~~~~~~~~~~~~~
~~~~~~~~~~~~~~~~~~~~~~~
~~~~~~~~~~~~~~~~~~~~~~~
~~
    + CategoryInfo     
         : NotSpecifi  
  ed: ([StructuralCo   
 nc...ed: ZodError:    
 [:String) [], Rem    
oteException
    + FullyQualifiedEr 
   rorId : NativeComm  
  andError
 
  {
    "expected": 
"string",
    "code": 
"invalid_type",
    "path": [
      "claims",
      0,
      "sectionTitle"
    ],
    "message": 
"Invalid input: 
expected string, 
received undefined"
  },
  {
    "expected": 
"string",
    "code": 
"invalid_type",
    "path": [
      "claims",
      0,
      "claimText"
    ],
    "message": 
"Invalid input: 
expected string, 
received undefined"
  },
  {
    "code": 
"invalid_value",
    "values": [
      
"role-allocation",
      "categorical 
boundary",
      "procedural 
participation",
      "external 
reference-only",
      "silencing / 
omission",
      "epistemic 
sourcing"
    ],
    "path": [
      "claims",
      0,
      "logicType"
    ],
    "message": 
"Invalid option: 
expected one of \"role-
allocation\"|\"categori
cal boundary\"|\"proced
ural participation\"|\"
external reference-only
\"|\"silencing / 
omission\"|\"epistemic 
sourcing\""
  },
  {
    "expected": 
"string",
    "code": 
"invalid_type",
    "path": [
      "claims",
      1,
      "sectionTitle"
    ],
    "message": 
"Invalid input: 
expected string, 
received undefined"
  },
  {
    "expected": 
"string",
    "code": 
"invalid_type",
    "path": [
      "claims",
      1,
      "claimText"
    ],
    "message": 
"Invalid input: 
expected string, 
received undefined"
  },
  {
    "code": 
"invalid_value",
    "values": [
      
"role-allocation",
      "categorical 
boundary",
      "procedural 
participation",
      "external 
reference-only",
      "silencing / 
omission",
      "epistemic 
sourcing"
    ],
    "path": [
      "claims",
      1,
      "logicType"
    ],
    "message": 
"Invalid option: 
expected one of \"role-
allocation\"|\"categori
cal boundary\"|\"proced
ural participation\"|\"
external reference-only
\"|\"silencing / 
omission\"|\"epistemic 
sourcing\""
  },
  {
    "expected": 
"string",
    "code": 
"invalid_type",
    "path": [
      "claims",
      2,
      "sectionTitle"
    ],
    "message": 
"Invalid input: 
expected string, 
received undefined"
  },
  {
    "expected": 
"string",
    "code": 
"invalid_type",
    "path": [
      "claims",
      2,
      "claimText"
    ],
    "message": 
"Invalid input: 
expected string, 
received undefined"
  },
  {
    "code": 
"invalid_value",
    "values": [
      
"role-allocation",
      "categorical 
boundary",
      "procedural 
participation",
      "external 
reference-only",
      "silencing / 
omission",
      "epistemic 
sourcing"
    ],
    "path": [
      "claims",
      2,
      "logicType"
    ],
    "message": 
"Invalid option: 
expected one of \"role-
allocation\"|\"categori
cal boundary\"|\"proced
ural participation\"|\"
external reference-only
\"|\"silencing / 
omission\"|\"epistemic 
sourcing\""
  },
  {
    "expected": 
"string",
    "code": 
"invalid_type",
    "path": [
      "claims",
      3,
      "sectionTitle"
    ],
    "message": 
"Invalid input: 
expected string, 
received undefined"
  },
  {
    "expected": 
"string",
    "code": 
"invalid_type",
    "path": [
      "claims",
      3,
      "claimText"
    ],
    "message": 
"Invalid input: 
expected string, 
received undefined"
  },
  {
    "code": 
"invalid_value",
    "values": [
      
"role-allocation",
      "categorical 
boundary",
      "procedural 
participation",
      "external 
reference-only",
      "silencing / 
omission",
      "epistemic 
sourcing"
    ],
    "path": [
      "claims",
      3,
      "logicType"
    ],
    "message": 
"Invalid option: 
expected one of \"role-
allocation\"|\"categori
cal boundary\"|\"proced
ural participation\"|\"
external reference-only
\"|\"silencing / 
omission\"|\"epistemic 
sourcing\""
  },
  {
    "expected": 
"string",
    "code": 
"invalid_type",
    "path": [
      "claims",
      4,
      "sectionTitle"
    ],
    "message": 
"Invalid input: 
expected string, 
received undefined"
  },
  {
    "expected": 
"string",
    "code": 
"invalid_type",
    "path": [
      "claims",
      4,
      "claimText"
    ],
    "message": 
"Invalid input: 
expected string, 
received undefined"
  },
  {
    "code": 
"invalid_value",
    "values": [
      
"role-allocation",
      "categorical 
boundary",
      "procedural 
participation",
      "external 
reference-only",
      "silencing / 
omission",
      "epistemic 
sourcing"
    ],
    "path": [
      "claims",
      4,
      "logicType"
\n===================================
Testing Hallucination Payload...
    ],
    "message": 
"Invalid option: 
expected one of \"role-
allocation\"|\"categori
cal boundary\"|\"proced
ural participation\"|\"
external reference-only
\"|\"silencing / 
omission\"|\"epistemic 
sourcing\""
  }
]
    at StructuralConcer
nService.analyzeStructu
ralConcern (C:\Users\mo
unt\.gemini\antigravity
\scratch\src\lib\struct
ural-concern-service.ts
:86:50)
    at process.processT
icksAndRejections (node
:internal/process/task_
queues:103:5)
    at async run (C:\Us
ers\mount\.gemini\antig
ravity\scratch\test-scp
.ts:21:25)
ZodError: [
  {
    "expected": 
"string",
    "code": 
"invalid_type",
    "path": [
      "claims",
      0,
      "sectionTitle"
    ],
    "message": 
"Invalid input: 
expected string, 
received undefined"
  },
  {
    "expected": 
"string",
    "code": 
"invalid_type",
    "path": [
      "claims",
      0,
      "claimText"
    ],
    "message": 
"Invalid input: 
expected string, 
received undefined"
  },
  {
    "code": 
"invalid_value",
    "values": [
      
"role-allocation",
      "categorical 
boundary",
      "procedural 
participation",
      "external 
reference-only",
      "silencing / 
omission",
      "epistemic 
sourcing"
    ],
    "path": [
      "claims",
      0,
      "logicType"
    ],
    "message": 
"Invalid option: 
expected one of \"role-
allocation\"|\"categori
cal boundary\"|\"proced
ural participation\"|\"
external reference-only
\"|\"silencing / 
omission\"|\"epistemic 
sourcing\""
  },
  {
    "expected": 
"string",
    "code": 
"invalid_type",
    "path": [
      "claims",
      1,
      "sectionTitle"
    ],
    "message": 
"Invalid input: 
expected string, 
received undefined"
  },
  {
    "expected": 
"string",
    "code": 
"invalid_type",
    "path": [
      "claims",
      1,
      "claimText"
    ],
    "message": 
"Invalid input: 
expected string, 
received undefined"
  },
  {
    "code": 
"invalid_value",
    "values": [
      
"role-allocation",
      "categorical 
boundary",
      "procedural 
participation",
      "external 
reference-only",
      "silencing / 
omission",
      "epistemic 
sourcing"
    ],
    "path": [
      "claims",
      1,
      "logicType"
    ],
    "message": 
"Invalid option: 
expected one of \"role-
allocation\"|\"categori
cal boundary\"|\"proced
ural participation\"|\"
external reference-only
\"|\"silencing / 
omission\"|\"epistemic 
sourcing\""
  },
  {
    "expected": 
"string",
    "code": 
"invalid_type",
    "path": [
      "claims",
      2,
      "sectionTitle"
    ],
    "message": 
"Invalid input: 
expected string, 
received undefined"
  },
  {
    "expected": 
"string",
    "code": 
"invalid_type",
    "path": [
      "claims",
      2,
      "claimText"
    ],
    "message": 
"Invalid input: 
expected string, 
received undefined"
  },
  {
    "code": 
"invalid_value",
    "values": [
      
"role-allocation",
      "categorical 
boundary",
      "procedural 
participation",
      "external 
reference-only",
      "silencing / 
omission",
      "epistemic 
sourcing"
    ],
    "path": [
      "claims",
      2,
      "logicType"
    ],
    "message": 
"Invalid option: 
expected one of \"role-
allocation\"|\"categori
cal boundary\"|\"proced
ural participation\"|\"
external reference-only
\"|\"silencing / 
omission\"|\"epistemic 
sourcing\""
  },
  {
    "expected": 
"string",
    "code": 
"invalid_type",
    "path": [
      "claims",
      3,
      "sectionTitle"
    ],
    "message": 
"Invalid input: 
expected string, 
received undefined"
  },
  {
    "expected": 
"string",
    "code": 
"invalid_type",
    "path": [
      "claims",
      3,
      "claimText"
    ],
    "message": 
"Invalid input: 
expected string, 
received undefined"
  },
  {
    "code": 
"invalid_value",
    "values": [
      
"role-allocation",
      "categorical 
boundary",
      "procedural 
participation",
      "external 
reference-only",
      "silencing / 
omission",
      "epistemic 
sourcing"
    ],
    "path": [
      "claims",
      3,
      "logicType"
    ],
    "message": 
"Invalid option: 
expected one of \"role-
allocation\"|\"categori
cal boundary\"|\"proced
ural participation\"|\"
external reference-only
\"|\"silencing / 
omission\"|\"epistemic 
sourcing\""
  },
  {
    "expected": 
"string",
    "code": 
"invalid_type",
    "path": [
      "claims",
      4,
      "sectionTitle"
    ],
    "message": 
"Invalid input: 
expected string, 
received undefined"
  },
  {
    "expected": 
"string",
    "code": 
"invalid_type",
    "path": [
      "claims",
      4,
      "claimText"
    ],
    "message": 
"Invalid input: 
expected string, 
received undefined"
  },
  {
    "code": 
"invalid_value",
    "values": [
      
"role-allocation",
      "categorical 
boundary",
      "procedural 
participation",
      "external 
reference-only",
      "silencing / 
omission",
      "epistemic 
sourcing"
    ],
    "path": [
      "claims",
      4,
      "logicType"
    ],
    "message": 
"Invalid option: 
expected one of \"role-
allocation\"|\"categori
cal boundary\"|\"proced
ural participation\"|\"
external reference-only
\"|\"silencing / 
omission\"|\"epistemic 
sourcing\""
  }
]
    at StructuralConcer
nService.analyzeStructu
ralConcern (C:\Users\mo
unt\.gemini\antigravity
\scratch\src\lib\struct
ural-concern-service.ts
:86:50)
    at process.processT
icksAndRejections (node
:internal/process/task_
queues:103:5)
    at async run (C:\Us
ers\mount\.gemini\antig
ravity\scratch\test-scp
.ts:21:25)
[StructuralConcernServi
ce] Analysis failed: 
ZodError: [
  {
    "expected": 
"string",
    "code": 
"invalid_type",
    "path": [
      "claims",
      0,
      "sectionTitle"
    ],
    "message": 
"Invalid input: 
expected string, 
received undefined"
  },
  {
    "expected": 
"string",
    "code": 
"invalid_type",
    "path": [
      "claims",
      0,
      "claimText"
    ],
    "message": 
"Invalid input: 
expected string, 
received undefined"
  },
  {
    "code": 
"invalid_value",
    "values": [
      
"role-allocation",
      "categorical 
boundary",
      "procedural 
participation",
      "external 
reference-only",
      "silencing / 
omission",
      "epistemic 
sourcing"
    ],
    "path": [
      "claims",
      0,
      "logicType"
    ],
    "message": 
"Invalid option: 
expected one of \"role-
allocation\"|\"categori
cal boundary\"|\"proced
ural participation\"|\"
external reference-only
\"|\"silencing / 
omission\"|\"epistemic 
sourcing\""
  },
  {
    "expected": 
"string",
    "code": 
"invalid_type",
    "path": [
      "claims",
      1,
      "sectionTitle"
    ],
    "message": 
"Invalid input: 
expected string, 
received undefined"
  },
  {
    "expected": 
"string",
    "code": 
"invalid_type",
    "path": [
      "claims",
      1,
      "claimText"
    ],
    "message": 
"Invalid input: 
expected string, 
received undefined"
  },
  {
    "code": 
"invalid_value",
    "values": [
      
"role-allocation",
      "categorical 
boundary",
      "procedural 
participation",
      "external 
reference-only",
      "silencing / 
omission",
      "epistemic 
sourcing"
    ],
    "path": [
      "claims",
      1,
      "logicType"
    ],
    "message": 
"Invalid option: 
expected one of \"role-
allocation\"|\"categori
cal boundary\"|\"proced
ural participation\"|\"
external reference-only
\"|\"silencing / 
omission\"|\"epistemic 
sourcing\""
  },
  {
    "expected": 
"string",
    "code": 
"invalid_type",
    "path": [
      "claims",
      2,
      "sectionTitle"
    ],
    "message": 
"Invalid input: 
expected string, 
received undefined"
  },
  {
    "expected": 
"string",
    "code": 
"invalid_type",
    "path": [
      "claims",
      2,
      "claimText"
    ],
    "message": 
"Invalid input: 
expected string, 
received undefined"
  },
  {
    "code": 
"invalid_value",
    "values": [
      
"role-allocation",
      "categorical 
boundary",
      "procedural 
participation",
      "external 
reference-only",
      "silencing / 
omission",
      "epistemic 
sourcing"
    ],
    "path": [
      "claims",
      2,
      "logicType"
    ],
    "message": 
"Invalid option: 
expected one of \"role-
allocation\"|\"categori
cal boundary\"|\"proced
ural participation\"|\"
external reference-only
\"|\"silencing / 
omission\"|\"epistemic 
sourcing\""
  }
]
    at StructuralConcer
nService.analyzeStructu
ralConcern (C:\Users\mo
unt\.gemini\antigravity
\scratch\src\lib\struct
ural-concern-service.ts
:86:50)
    at process.processT
icksAndRejections (node
:internal/process/task_
queues:103:5)
    at async run (C:\Us
ers\mount\.gemini\antig
ravity\scratch\test-scp
.ts:40:25)
ZodError: [
  {
    "expected": 
"string",
    "code": 
"invalid_type",
    "path": [
      "claims",
      0,
      "sectionTitle"
    ],
    "message": 
"Invalid input: 
expected string, 
received undefined"
  },
  {
    "expected": 
"string",
    "code": 
"invalid_type",
    "path": [
      "claims",
      0,
      "claimText"
    ],
    "message": 
"Invalid input: 
expected string, 
received undefined"
  },
  {
    "code": 
"invalid_value",
    "values": [
      
"role-allocation",
      "categorical 
boundary",
      "procedural 
participation",
      "external 
reference-only",
      "silencing / 
omission",
      "epistemic 
sourcing"
    ],
    "path": [
      "claims",
      0,
      "logicType"
    ],
    "message": 
"Invalid option: 
expected one of \"role-
allocation\"|\"categori
cal boundary\"|\"proced
ural participation\"|\"
external reference-only
\"|\"silencing / 
omission\"|\"epistemic 
sourcing\""
  },
  {
    "expected": 
"string",
    "code": 
"invalid_type",
    "path": [
      "claims",
      1,
      "sectionTitle"
    ],
    "message": 
"Invalid input: 
expected string, 
received undefined"
  },
  {
    "expected": 
"string",
    "code": 
"invalid_type",
    "path": [
      "claims",
      1,
      "claimText"
    ],
    "message": 
"Invalid input: 
expected string, 
received undefined"
  },
  {
    "code": 
"invalid_value",
    "values": [
      
"role-allocation",
      "categorical 
boundary",
      "procedural 
participation",
      "external 
reference-only",
      "silencing / 
omission",
      "epistemic 
sourcing"
    ],
    "path": [
      "claims",
      1,
      "logicType"
    ],
    "message": 
"Invalid option: 
expected one of \"role-
allocation\"|\"categori
cal boundary\"|\"proced
ural participation\"|\"
external reference-only
\"|\"silencing / 
omission\"|\"epistemic 
sourcing\""
  },
  {
    "expected": 
"string",
    "code": 
"invalid_type",
    "path": [
      "claims",
      2,
      "sectionTitle"
    ],
    "message": 
"Invalid input: 
expected string, 
received undefined"
  },
  {
    "expected": 
"string",
    "code": 
"invalid_type",
    "path": [
      "claims",
      2,
      "claimText"
    ],
    "message": 
"Invalid input: 
expected string, 
received undefined"
  },
  {
    "code": 
"invalid_value",
    "values": [
      
"role-allocation",
      "categorical 
boundary",
      "procedural 
participation",
      "external 
reference-only",
      "silencing / 
omission",
      "epistemic 
sourcing"
    ],
    "path": [
      "claims",
      2,
      "logicType"
    ],
    "message": 
"Invalid option: 
expected one of \"role-
allocation\"|\"categori
cal boundary\"|\"proced
ural participation\"|\"
external reference-only
\"|\"silencing / 
omission\"|\"epistemic 
sourcing\""
  }
]
    at StructuralConcer
nService.analyzeStructu
ralConcern (C:\Users\mo
unt\.gemini\antigravity
\scratch\src\lib\struct
ural-concern-service.ts
:86:50)
    at process.processT
icksAndRejections (node
:internal/process/task_
queues:103:5)
    at async run (C:\Us
ers\mount\.gemini\antig
ravity\scratch\test-scp
.ts:40:25)
