src/components/ontology/ConceptDetailsModal.tsx(260,97): error TS2551: Property 'antiStructuralAnalysis' does not exist on type 'StudyCase | { id: string; title: string; evidenceQuotes: { id: string; text: any; context: any; sourceRef: any; actorTags: any; mechanismTags: any; heading: any; }[] | undefined; structuralAnalysis: any; ... 14 more ...; representationType: number | null; }'. Did you mean 'structuralAnalysis'?
  Property 'antiStructuralAnalysis' does not exist on type 'StudyCase'.
src/components/ontology/ConceptDetailsModal.tsx(261,81): error TS2339: Property 'escalation' does not exist on type 'StudyCase | { id: string; title: string; evidenceQuotes: { id: string; text: any; context: any; sourceRef: any; actorTags: any; mechanismTags: any; heading: any; }[] | undefined; structuralAnalysis: any; ... 14 more ...; representationType: number | null; }'.
  Property 'escalation' does not exist on type 'StudyCase'.
src/components/ontology/ConceptDetailsModal.tsx(268,76): error TS2339: Property 'discourseThreats' does not exist on type 'StudyCase | { id: string; title: string; evidenceQuotes: { id: string; text: any; context: any; sourceRef: any; actorTags: any; mechanismTags: any; heading: any; }[] | undefined; structuralAnalysis: any; ... 14 more ...; representationType: number | null; }'.
  Property 'discourseThreats' does not exist on type 'StudyCase'.
src/components/ontology/ConceptDetailsModal.tsx(510,65): error TS2339: Property 'counterfactual' does not exist on type '{ structuralAnalysis: any; antiStructuralAnalysis: any; escalationAnalysis: any; claim: any; id: string; sourceId?: string | undefined; nodeId: string; title: string; isCalibration?: boolean | undefined; ... 11 more ...; evaluationConfig?: EvaluationConfig | undefined; } | { ...; }'.
  Property 'counterfactual' does not exist on type '{ structuralAnalysis: any; antiStructuralAnalysis: any; escalationAnalysis: any; claim: any; id: string; sourceId?: string | undefined; nodeId: string; title: string; isCalibration?: boolean | undefined; ... 11 more ...; evaluationConfig?: EvaluationConfig | undefined; }'.
src/components/ontology/ConceptDetailsModal.tsx(511,78): error TS2339: Property 'counterfactual' does not exist on type '{ structuralAnalysis: any; antiStructuralAnalysis: any; escalationAnalysis: any; claim: any; id: string; sourceId?: string | undefined; nodeId: string; title: string; isCalibration?: boolean | undefined; ... 11 more ...; evaluationConfig?: EvaluationConfig | undefined; } | { ...; }'.
  Property 'counterfactual' does not exist on type '{ structuralAnalysis: any; antiStructuralAnalysis: any; escalationAnalysis: any; claim: any; id: string; sourceId?: string | undefined; nodeId: string; title: string; isCalibration?: boolean | undefined; ... 11 more ...; evaluationConfig?: EvaluationConfig | undefined; }'.
src/components/ontology/ConceptDetailsModal.tsx(538,65): error TS2339: Property 'counterfactual' does not exist on type '{ structuralAnalysis: any; antiStructuralAnalysis: any; escalationAnalysis: any; claim: any; id: string; sourceId?: string | undefined; nodeId: string; title: string; isCalibration?: boolean | undefined; ... 11 more ...; evaluationConfig?: EvaluationConfig | undefined; } | { ...; }'.
  Property 'counterfactual' does not exist on type '{ structuralAnalysis: any; antiStructuralAnalysis: any; escalationAnalysis: any; claim: any; id: string; sourceId?: string | undefined; nodeId: string; title: string; isCalibration?: boolean | undefined; ... 11 more ...; evaluationConfig?: EvaluationConfig | undefined; }'.
src/components/ontology/ConceptDetailsModal.tsx(538,98): error TS2339: Property 'counterfactual' does not exist on type '{ structuralAnalysis: any; antiStructuralAnalysis: any; escalationAnalysis: any; claim: any; id: string; sourceId?: string | undefined; nodeId: string; title: string; isCalibration?: boolean | undefined; ... 11 more ...; evaluationConfig?: EvaluationConfig | undefined; } | { ...; }'.
  Property 'counterfactual' does not exist on type '{ structuralAnalysis: any; antiStructuralAnalysis: any; escalationAnalysis: any; claim: any; id: string; sourceId?: string | undefined; nodeId: string; title: string; isCalibration?: boolean | undefined; ... 11 more ...; evaluationConfig?: EvaluationConfig | undefined; }'.
src/components/ontology/ConceptDetailsModal.tsx(610,61): error TS2322: Type '{ structuralAnalysis: any; antiStructuralAnalysis: any; escalationAnalysis: any; claim: any; id: string; sourceId?: string | undefined; nodeId: string; title: string; isCalibration?: boolean | undefined; ... 11 more ...; evaluationConfig?: EvaluationConfig | undefined; } | { ...; }' is not assignable to type 'StudyCase'.
  Property 'nodeId' is missing in type '{ structuralAnalysis: any; antiStructuralAnalysis: any; escalationAnalysis: any; claim: any; id: string; title: string; evidenceQuotes: { id: string; text: any; context: any; sourceRef: any; actorTags: any; mechanismTags: any; heading: any; }[] | undefined; ... 13 more ...; representationType: number | null; }' but required in type 'StudyCase'.
src/components/ontology/ConceptDetailsModal.tsx(646,81): error TS2339: Property 'searchChips' does not exist on type '{ structuralAnalysis: any; antiStructuralAnalysis: any; escalationAnalysis: any; claim: any; id: string; sourceId?: string | undefined; nodeId: string; title: string; isCalibration?: boolean | undefined; ... 11 more ...; evaluationConfig?: EvaluationConfig | undefined; } | { ...; }'.
  Property 'searchChips' does not exist on type '{ structuralAnalysis: any; antiStructuralAnalysis: any; escalationAnalysis: any; claim: any; id: string; title: string; evidenceQuotes: { id: string; text: any; context: any; sourceRef: any; actorTags: any; mechanismTags: any; heading: any; }[] | undefined; ... 13 more ...; representationType: number | null; }'.
src/components/ontology/ConceptDetailsModal.tsx(688,217): error TS2367: This comparison appears to be unintentional because the types 'number' and 'string' have no overlap.
src/components/ontology/ConceptDetailsModal.tsx(688,287): error TS2367: This comparison appears to be unintentional because the types 'number' and 'string' have no overlap.
src/components/ontology/ConceptDetailsModal.tsx(698,61): error TS2339: Property 'counterfactual' does not exist on type '{ structuralAnalysis: any; antiStructuralAnalysis: any; escalationAnalysis: any; claim: any; id: string; sourceId?: string | undefined; nodeId: string; title: string; isCalibration?: boolean | undefined; ... 11 more ...; evaluationConfig?: EvaluationConfig | undefined; } | { ...; }'.
  Property 'counterfactual' does not exist on type '{ structuralAnalysis: any; antiStructuralAnalysis: any; escalationAnalysis: any; claim: any; id: string; sourceId?: string | undefined; nodeId: string; title: string; isCalibration?: boolean | undefined; ... 11 more ...; evaluationConfig?: EvaluationConfig | undefined; }'.
src/components/ontology/ConceptDetailsModal.tsx(699,74): error TS2339: Property 'counterfactual' does not exist on type '{ structuralAnalysis: any; antiStructuralAnalysis: any; escalationAnalysis: any; claim: any; id: string; sourceId?: string | undefined; nodeId: string; title: string; isCalibration?: boolean | undefined; ... 11 more ...; evaluationConfig?: EvaluationConfig | undefined; } | { ...; }'.
  Property 'counterfactual' does not exist on type '{ structuralAnalysis: any; antiStructuralAnalysis: any; escalationAnalysis: any; claim: any; id: string; sourceId?: string | undefined; nodeId: string; title: string; isCalibration?: boolean | undefined; ... 11 more ...; evaluationConfig?: EvaluationConfig | undefined; }'.
src/lib/ghost-nodes/__tests__/gndp-schemas.test.ts(7,23): error TS2688: Cannot find type definition file for 'vitest'.
src/lib/ghost-nodes/__tests__/gndp-schemas.test.ts(8,38): error TS2307: Cannot find module 'vitest' or its corresponding type declarations.
