src/app/ontology/page.tsx(4,34): error TS2307: Cannot find module '@/hooks/useServerStorage' or its corresponding type declarations.
src/app/ontology/page.tsx(5,28): error TS2307: Cannot find module '@/hooks/useSources' or its corresponding type declarations.
src/app/ontology/page.tsx(6,29): error TS2307: Cannot find module '@/hooks/useDemoMode' or its corresponding type declarations.
src/app/ontology/page.tsx(7,35): error TS2307: Cannot find module '@/components/ui/card' or its corresponding type declarations.
src/app/ontology/page.tsx(8,23): error TS2307: Cannot find module '@/components/ui/badge' or its corresponding type declarations.
src/app/ontology/page.tsx(9,24): error TS2307: Cannot find module '@/components/ui/button' or its corresponding type declarations.
src/app/ontology/page.tsx(11,105): error TS2307: Cannot find module '@/components/ui/select' or its corresponding type declarations.
src/app/ontology/page.tsx(12,62): error TS2307: Cannot find module '@/types/ontology' or its corresponding type declarations.
src/app/ontology/page.tsx(13,37): error TS2307: Cannot find module '@/lib/ontology-utils' or its corresponding type declarations.
src/app/ontology/page.tsx(14,35): error TS2307: Cannot find module '@/components/CreditTopUpDialog' or its corresponding type declarations.
src/app/ontology/page.tsx(15,28): error TS2307: Cannot find module '@/hooks/useCredits' or its corresponding type declarations.
src/app/ontology/page.tsx(18,33): error TS2307: Cannot find module '@/hooks/useResearchMode' or its corresponding type declarations.
src/app/ontology/page.tsx(19,38): error TS2307: Cannot find module '@/components/ontology/research/EvaluatorLoginDialog' or its corresponding type declarations.
src/app/ontology/page.tsx(20,31): error TS2307: Cannot find module '@/components/ontology/research/ConsentScreen' or its corresponding type declarations.
src/app/ontology/page.tsx(21,30): error TS2307: Cannot find module '@/components/ontology/research/ProfileModal' or its corresponding type declarations.
src/app/ontology/page.tsx(22,34): error TS2307: Cannot find module '@/components/ontology/research/CalibrationModal' or its corresponding type declarations.
src/app/ontology/page.tsx(23,32): error TS2307: Cannot find module '@/components/ontology/research/StudyNavigator' or its corresponding type declarations.
src/app/ontology/page.tsx(24,31): error TS2307: Cannot find module '@/components/ontology/research/DebriefScreen' or its corresponding type declarations.
src/app/ontology/page.tsx(27,29): error TS2307: Cannot find module '@/components/ontology/OntologyMap' or its corresponding type declarations.
src/app/ontology/page.tsx(28,29): error TS2307: Cannot find module '@/components/ontology/ConceptList' or its corresponding type declarations.
src/app/ontology/page.tsx(29,28): error TS2307: Cannot find module '@/components/ontology/MapGallery' or its corresponding type declarations.
src/app/ontology/page.tsx(30,37): error TS2307: Cannot find module '@/components/ontology/ConceptDetailsModal' or its corresponding type declarations.
src/app/ontology/page.tsx(31,32): error TS2307: Cannot find module '@/components/ontology/ComparisonView' or its corresponding type declarations.
src/app/ontology/page.tsx(32,43): error TS2307: Cannot find module '@/lib/study-utils' or its corresponding type declarations.
src/app/ontology/page.tsx(486,9): error TS17004: Cannot use JSX unless the '--jsx' flag is provided.
src/app/ontology/page.tsx(487,13): error TS17004: Cannot use JSX unless the '--jsx' flag is provided.
src/app/ontology/page.tsx(491,13): error TS17004: Cannot use JSX unless the '--jsx' flag is provided.
src/app/ontology/page.tsx(501,17): error TS17004: Cannot use JSX unless the '--jsx' flag is provided.
src/app/ontology/page.tsx(508,17): error TS17004: Cannot use JSX unless the '--jsx' flag is provided.
src/app/ontology/page.tsx(512,17): error TS17004: Cannot use JSX unless the '--jsx' flag is provided.
src/app/ontology/page.tsx(556,17): error TS17004: Cannot use JSX unless the '--jsx' flag is provided.
src/app/ontology/page.tsx(573,17): error TS17004: Cannot use JSX unless the '--jsx' flag is provided.
src/app/ontology/page.tsx(592,13): error TS17004: Cannot use JSX unless the '--jsx' flag is provided.
src/app/ontology/page.tsx(593,17): error TS17004: Cannot use JSX unless the '--jsx' flag is provided.
src/app/ontology/page.tsx(594,21): error TS17004: Cannot use JSX unless the '--jsx' flag is provided.
src/app/ontology/page.tsx(595,25): error TS17004: Cannot use JSX unless the '--jsx' flag is provided.
src/app/ontology/page.tsx(598,21): error TS17004: Cannot use JSX unless the '--jsx' flag is provided.
src/app/ontology/page.tsx(600,25): error TS17004: Cannot use JSX unless the '--jsx' flag is provided.
src/app/ontology/page.tsx(601,25): error TS17004: Cannot use JSX unless the '--jsx' flag is provided.
src/app/ontology/page.tsx(602,25): error TS17004: Cannot use JSX unless the '--jsx' flag is provided.
src/app/ontology/page.tsx(603,25): error TS17004: Cannot use JSX unless the '--jsx' flag is provided.
src/app/ontology/page.tsx(606,17): error TS17004: Cannot use JSX unless the '--jsx' flag is provided.
src/app/ontology/page.tsx(607,21): error TS17004: Cannot use JSX unless the '--jsx' flag is provided.
src/app/ontology/page.tsx(616,25): error TS17004: Cannot use JSX unless the '--jsx' flag is provided.
src/app/ontology/page.tsx(621,25): error TS17004: Cannot use JSX unless the '--jsx' flag is provided.
src/app/ontology/page.tsx(632,29): error TS17004: Cannot use JSX unless the '--jsx' flag is provided.
src/app/ontology/page.tsx(636,25): error TS17004: Cannot use JSX unless the '--jsx' flag is provided.
src/app/ontology/page.tsx(642,29): error TS17004: Cannot use JSX unless the '--jsx' flag is provided.
src/app/ontology/page.tsx(648,25): error TS17004: Cannot use JSX unless the '--jsx' flag is provided.
src/app/ontology/page.tsx(650,33): error TS17004: Cannot use JSX unless the '--jsx' flag is provided.
src/app/ontology/page.tsx(658,37): error TS17004: Cannot use JSX unless the '--jsx' flag is provided.
src/app/ontology/page.tsx(659,41): error TS17004: Cannot use JSX unless the '--jsx' flag is provided.
src/app/ontology/page.tsx(661,37): error TS17004: Cannot use JSX unless the '--jsx' flag is provided.
src/app/ontology/page.tsx(663,45): error TS17004: Cannot use JSX unless the '--jsx' flag is provided.
src/app/ontology/page.tsx(664,49): error TS17004: Cannot use JSX unless the '--jsx' flag is provided.
src/app/ontology/page.tsx(667,63): error TS2339: Property 'map' does not exist on type 'unknown'.
src/app/ontology/page.tsx(675,57): error TS17004: Cannot use JSX unless the '--jsx' flag is provided.
src/app/ontology/page.tsx(676,61): error TS17004: Cannot use JSX unless the '--jsx' flag is provided.
src/app/ontology/page.tsx(677,65): error TS17004: Cannot use JSX unless the '--jsx' flag is provided.
src/app/ontology/page.tsx(678,65): error TS17004: Cannot use JSX unless the '--jsx' flag is provided.
src/app/ontology/page.tsx(688,33): error TS17004: Cannot use JSX unless the '--jsx' flag is provided.
src/app/ontology/page.tsx(690,29): error TS17004: Cannot use JSX unless the '--jsx' flag is provided.
src/app/ontology/page.tsx(697,37): error TS17004: Cannot use JSX unless the '--jsx' flag is provided.
src/app/ontology/page.tsx(698,41): error TS17004: Cannot use JSX unless the '--jsx' flag is provided.
src/app/ontology/page.tsx(702,37): error TS17004: Cannot use JSX unless the '--jsx' flag is provided.
src/app/ontology/page.tsx(703,41): error TS17004: Cannot use JSX unless the '--jsx' flag is provided.
src/app/ontology/page.tsx(715,17): error TS17004: Cannot use JSX unless the '--jsx' flag is provided.
src/app/ontology/page.tsx(720,17): error TS17004: Cannot use JSX unless the '--jsx' flag is provided.
src/app/ontology/page.tsx(722,25): error TS17004: Cannot use JSX unless the '--jsx' flag is provided.
src/app/ontology/page.tsx(723,29): error TS17004: Cannot use JSX unless the '--jsx' flag is provided.
src/app/ontology/page.tsx(724,33): error TS17004: Cannot use JSX unless the '--jsx' flag is provided.
src/app/ontology/page.tsx(725,37): error TS17004: Cannot use JSX unless the '--jsx' flag is provided.
src/app/ontology/page.tsx(734,25): error TS17004: Cannot use JSX unless the '--jsx' flag is provided.
src/app/ontology/page.tsx(735,29): error TS17004: Cannot use JSX unless the '--jsx' flag is provided.
src/app/ontology/page.tsx(736,33): error TS17004: Cannot use JSX unless the '--jsx' flag is provided.
src/app/ontology/page.tsx(737,37): error TS17004: Cannot use JSX unless the '--jsx' flag is provided.
src/app/ontology/page.tsx(740,37): error TS17004: Cannot use JSX unless the '--jsx' flag is provided.
src/app/ontology/page.tsx(743,29): error TS17004: Cannot use JSX unless the '--jsx' flag is provided.
src/app/ontology/page.tsx(744,33): error TS17004: Cannot use JSX unless the '--jsx' flag is provided.
src/app/ontology/page.tsx(745,37): error TS17004: Cannot use JSX unless the '--jsx' flag is provided.
src/app/ontology/page.tsx(748,37): error TS17004: Cannot use JSX unless the '--jsx' flag is provided.
src/app/ontology/page.tsx(751,29): error TS17004: Cannot use JSX unless the '--jsx' flag is provided.
src/app/ontology/page.tsx(752,33): error TS17004: Cannot use JSX unless the '--jsx' flag is provided.
src/app/ontology/page.tsx(753,37): error TS17004: Cannot use JSX unless the '--jsx' flag is provided.
src/app/ontology/page.tsx(756,37): error TS17004: Cannot use JSX unless the '--jsx' flag is provided.
src/app/ontology/page.tsx(762,21): error TS17004: Cannot use JSX unless the '--jsx' flag is provided.
src/app/ontology/page.tsx(763,25): error TS17004: Cannot use JSX unless the '--jsx' flag is provided.
src/app/ontology/page.tsx(766,33): error TS17004: Cannot use JSX unless the '--jsx' flag is provided.
src/app/ontology/page.tsx(767,37): error TS17004: Cannot use JSX unless the '--jsx' flag is provided.
src/app/ontology/page.tsx(768,37): error TS17004: Cannot use JSX unless the '--jsx' flag is provided.
src/app/ontology/page.tsx(769,41): error TS17004: Cannot use JSX unless the '--jsx' flag is provided.
src/app/ontology/page.tsx(770,45): error TS17004: Cannot use JSX unless the '--jsx' flag is provided.
src/app/ontology/page.tsx(772,41): error TS17004: Cannot use JSX unless the '--jsx' flag is provided.
src/app/ontology/page.tsx(773,45): error TS17004: Cannot use JSX unless the '--jsx' flag is provided.
src/app/ontology/page.tsx(774,49): error TS17004: Cannot use JSX unless the '--jsx' flag is provided.
src/app/ontology/page.tsx(775,53): error TS17004: Cannot use JSX unless the '--jsx' flag is provided.
src/app/ontology/page.tsx(776,53): error TS17004: Cannot use JSX unless the '--jsx' flag is provided.
src/app/ontology/page.tsx(777,57): error TS17004: Cannot use JSX unless the '--jsx' flag is provided.
src/app/ontology/page.tsx(778,57): error TS17004: Cannot use JSX unless the '--jsx' flag is provided.
src/app/ontology/page.tsx(782,45): error TS17004: Cannot use JSX unless the '--jsx' flag is provided.
src/app/ontology/page.tsx(783,49): error TS17004: Cannot use JSX unless the '--jsx' flag is provided.
src/app/ontology/page.tsx(784,53): error TS17004: Cannot use JSX unless the '--jsx' flag is provided.
src/app/ontology/page.tsx(785,53): error TS17004: Cannot use JSX unless the '--jsx' flag is provided.
src/app/ontology/page.tsx(786,57): error TS17004: Cannot use JSX unless the '--jsx' flag is provided.
src/app/ontology/page.tsx(787,57): error TS17004: Cannot use JSX unless the '--jsx' flag is provided.
src/app/ontology/page.tsx(791,45): error TS17004: Cannot use JSX unless the '--jsx' flag is provided.
src/app/ontology/page.tsx(792,49): error TS17004: Cannot use JSX unless the '--jsx' flag is provided.
src/app/ontology/page.tsx(793,53): error TS17004: Cannot use JSX unless the '--jsx' flag is provided.
src/app/ontology/page.tsx(794,53): error TS17004: Cannot use JSX unless the '--jsx' flag is provided.
src/app/ontology/page.tsx(795,57): error TS17004: Cannot use JSX unless the '--jsx' flag is provided.
src/app/ontology/page.tsx(796,57): error TS17004: Cannot use JSX unless the '--jsx' flag is provided.
src/app/ontology/page.tsx(804,29): error TS17004: Cannot use JSX unless the '--jsx' flag is provided.
src/app/ontology/page.tsx(815,25): error TS17004: Cannot use JSX unless the '--jsx' flag is provided.
src/app/ontology/page.tsx(824,13): error TS17004: Cannot use JSX unless the '--jsx' flag is provided.
src/app/ontology/page.tsx(837,13): error TS17004: Cannot use JSX unless the '--jsx' flag is provided.
