src/app/data/page.tsx(71,11): error TS2451: Cannot redeclare block-scoped variable 'fetchServerStorage'.
src/app/data/page.tsx(516,11): error TS2451: Cannot redeclare block-scoped variable 'fetchServerStorage'.
